// Jest Snapshot v1, https://goo.gl/fbAQLP

exports[`should render AppBottomSheet correctly 1`] = `<AppBottomSheet />`;
